// Jest Snapshot v1, https://goo.gl/fbAQLP

exports[`CreateButton renders button: CreateButton-button 1`] = `
<View
  pointerEvents="box-none"
  style={
    Object {
      "backgroundColor": "transparent",
      "bottom": 0,
      "elevation": 0,
      "left": 0,
      "position": "absolute",
      "right": 0,
      "top": 0,
      "zIndex": 0,
    }
  }
>
  <View
    accessibilityLabel="Floating Action Button"
    accessible={true}
    style={
      Object {
        "alignItems": "center",
        "backgroundColor": "#9ccc65",
        "borderRadius": 28,
        "bottom": 30,
        "elevation": 5,
        "height": 56,
        "justifyContent": "center",
        "opacity": 1,
        "overflow": "visible",
        "position": "absolute",
        "right": 30,
        "shadowColor": "#000000",
        "shadowOffset": Object {
          "height": 5,
          "width": 0,
        },
        "shadowOpacity": 0.35,
        "shadowRadius": 3,
        "transform": Array [
          Object {
            "rotate": "0deg",
          },
          Object {
            "scale": 1,
          },
        ],
        "width": 56,
        "zIndex": 2,
      }
    }
  >
    <View
      accessible={true}
      isTVSelectable={true}
      onResponderGrant={[Function]}
      onResponderMove={[Function]}
      onResponderRelease={[Function]}
      onResponderTerminate={[Function]}
      onResponderTerminationRequest={[Function]}
      onStartShouldSetResponder={[Function]}
      style={
        Object {
          "alignItems": "center",
          "borderRadius": 28,
          "height": 56,
          "justifyContent": "center",
          "opacity": 1,
          "width": 56,
          "zIndex": 3,
        }
      }
    >
      <View
        style={
          Object {
            "alignItems": "center",
            "borderRadius": 28,
            "flex": 1,
            "height": 56,
            "justifyContent": "center",
            "transform": Array [
              Object {
                "rotate": "0deg",
              },
            ],
            "width": 56,
          }
        }
      >
        <View
          style={
            Object {
              "alignItems": "center",
              "justifyContent": "center",
            }
          }
        >
          <View
            style={
              Array [
                Object {
                  "backgroundColor": "#fff",
                  "position": "absolute",
                  "width": 2,
                },
                Object {
                  "height": 15,
                },
              ]
            }
          />
          <View
            style={
              Array [
                Object {
                  "backgroundColor": "#fff",
                  "height": 2,
                  "position": "absolute",
                },
                Object {
                  "width": 15,
                },
              ]
            }
          />
        </View>
      </View>
    </View>
  </View>
</View>
`;
